pool: 3638 quadratics
validation (closed form vs definition, both truncated at p ≤ 20000, h ≤ 3000): max |ratio − 1| = 1.33e-14, 9.55e-15, 4.44e-15, 2.00e-15  vanishing h: 1500, 0, 1500, 2500
C exact vs truncated(2e5): 1.37281/1.37249  6.63955/6.64092  0.84074/0.84090  0.81661/0.81654
t^2+t+41       C=6.6395 Σ(1e3..1e6)=-17.49 -33.39 -35.46 -36.08 slope/C=-0.405 per-decade/C=-1.04,-0.14,-0.04 (0.4s)
t^2+1          C=1.3728 Σ(1e3..1e6)=-4.53 -5.83 -6.05 -7.92 slope/C=-0.357 per-decade/C=-0.41,-0.07,-0.59 (0.5s)
t^2+t+17       C=4.1747 Σ(1e3..1e6)=-16.16 -17.52 -23.28 -26.50 slope/C=-0.359 per-decade/C=-0.14,-0.60,-0.34 (0.4s)
t^2-2          C=1.8501 Σ(1e3..1e6)=-6.25 -8.64 -12.21 -11.13 slope/C=-0.382 per-decade/C=-0.56,-0.84,0.25 (0.4s)
t^2+t+11       C=3.2594 Σ(1e3..1e6)=-14.73 -13.14 -20.90 -19.00 slope/C=-0.190 per-decade/C=0.21,-1.03,0.25 (0.4s)
2t^2+1         C=1.4261 Σ(1e3..1e6)=-5.84 -6.93 -8.87 -10.99 slope/C=-0.523 per-decade/C=-0.33,-0.59,-0.65 (0.7s)
7t^2-4t+39     C=0.3903 Σ(1e3..1e6)=-1.50 -1.77 -2.25 -2.73 slope/C=-0.455 per-decade/C=-0.30,-0.53,-0.53 (1.4s)
7t^2-6t+35     C=0.4504 Σ(1e3..1e6)=-2.50 -2.89 -3.40 -4.10 slope/C=-0.514 per-decade/C=-0.37,-0.50,-0.67 (1.4s)
7t^2-4t-18     C=0.5239 Σ(1e3..1e6)=-2.75 -3.08 -3.62 -4.42 slope/C=-0.462 per-decade/C=-0.28,-0.44,-0.66 (1.5s)
5t^2-6t-17     C=0.6068 Σ(1e3..1e6)=-3.31 -3.41 -4.56 -5.07 slope/C=-0.421 per-decade/C=-0.07,-0.82,-0.37 (1.1s)
7t^2-34        C=0.6988 Σ(1e3..1e6)=-3.77 -4.47 -5.47 -5.78 slope/C=-0.416 per-decade/C=-0.43,-0.62,-0.19 (1.4s)
3t^2-4t+38     C=0.8103 Σ(1e3..1e6)=-3.38 -3.70 -5.01 -6.24 slope/C=-0.510 per-decade/C=-0.17,-0.70,-0.66 (0.8s)
2t^2-4t+33     C=0.9402 Σ(1e3..1e6)=-4.43 -4.84 -6.21 -5.56 slope/C=-0.173 per-decade/C=-0.19,-0.63,0.30 (0.6s)
5t^2+6         C=1.0870 Σ(1e3..1e6)=-4.73 -6.01 -6.69 -8.56 slope/C=-0.511 per-decade/C=-0.51,-0.27,-0.75 (1.2s)
t^2-6t+24      C=1.2670 Σ(1e3..1e6)=-4.79 -6.10 -8.20 -9.74 slope/C=-0.566 per-decade/C=-0.45,-0.72,-0.53 (0.4s)
2t^2-5t+16     C=1.4627 Σ(1e3..1e6)=-4.47 -5.67 -9.01 -11.13 slope/C=-0.659 per-decade/C=-0.35,-0.99,-0.63 (0.6s)
7t^2-t+7       C=1.7064 Σ(1e3..1e6)=-7.75 -8.81 -11.06 -11.33 slope/C=-0.304 per-decade/C=-0.27,-0.57,-0.07 (1.5s)
t^2-6t+16      C=1.9730 Σ(1e3..1e6)=-7.04 -9.04 -12.13 -13.35 slope/C=-0.463 per-decade/C=-0.44,-0.68,-0.27 (0.4s)
3t^2-5t-9      C=2.2981 Σ(1e3..1e6)=-11.19 -11.04 -14.89 -13.39 slope/C=-0.138 per-decade/C=0.03,-0.73,0.28 (0.8s)
5t^2+26        C=2.6423 Σ(1e3..1e6)=-7.56 -10.36 -13.57 -13.78 slope/C=-0.341 per-decade/C=-0.46,-0.53,-0.04 (1.1s)
3t^2-3t+31     C=3.0565 Σ(1e3..1e6)=-15.09 -16.05 -19.21 -18.68 slope/C=-0.170 per-decade/C=-0.14,-0.45,0.07 (0.8s)
t^2-5t-25      C=3.5466 Σ(1e3..1e6)=-12.67 -17.04 -20.68 -22.14 slope/C=-0.386 per-decade/C=-0.54,-0.44,-0.18 (0.4s)
t^2-5t+23      C=4.1747 Σ(1e3..1e6)=-16.16 -17.52 -23.28 -26.50 slope/C=-0.359 per-decade/C=-0.14,-0.60,-0.34 (0.4s)
7t^2-3t+37     C=4.7161 Σ(1e3..1e6)=-18.36 -22.47 -27.79 -26.65 slope/C=-0.255 per-decade/C=-0.38,-0.49,0.10 (1.4s)
3t^2-3t+23     C=5.6369 Σ(1e3..1e6)=-18.31 -29.27 -31.79 -30.74 slope/C=-0.319 per-decade/C=-0.84,-0.19,0.08 (0.8s)

fit slope = −k C^α over 25 quadratics, C ∈ [0.39, 6.64]:
  α = 0.985 ± 0.116   k = 0.345 ± 0.059   (α=1: -0.1 se;  α=2: -8.7 se)
  [log-fit for comparison: α = 0.807 ± 0.095, k = 0.398]
  corr(slope/C, C) = 0.38   corr(slope/C², C) = 0.72
  slope/C = -0.385 ± 0.129   slope/C² = -0.346 ± 0.330
  per-decade slope/C: -0.343±0.254  -0.568±0.232  -0.245±0.342
