   D  u chi  amp(1)  amp(u) ratio_obs phase-(-t log u) signed_obs candidate | noise
  -3  2  -1  0.0265  0.0017     0.065           -2.822     -0.065    -0.062 | 0.0179
  -4  2  +0  0.0390  0.0332     0.852           +0.006     +0.852    +0.867 | 0.0365
  -7  2  +1  0.0198  0.0070     0.353           +3.111     -0.353    -0.395 | 0.0196
  -8  2  +0  0.0215  0.0186     0.865           -0.148     +0.865    +0.867 | 0.0381
 -11  2  -1  0.0269  0.0016     0.061           +2.805     -0.061    -0.062 | 0.0203
 -15  2  +1  0.0397  0.0150     0.379           +3.053     -0.379    -0.395 | 0.0222
 -19  2  -1  0.0351  0.0025     0.071           +3.041     -0.071    -0.062 | 0.0167
 -20  2  +0  0.0341  0.0306     0.899           -0.087     +0.899    +0.867 | 0.0474
 -23  2  +1  0.0215  0.0092     0.428           +2.833     -0.428    -0.395 | 0.0209
 -27  2  -1  0.0060  0.0010     0.162           -2.337     -0.162    -0.062 | 0.0215
 -31  2  +1  0.0055  0.0016     0.297           -2.975     -0.297    -0.395 | 0.0194
  -3  3  +0  0.0265  0.0174     0.655           +0.211     +0.655    -0.230 | 0.0737
  -4  3  -1  0.0390  0.0076     0.196           +0.017     +0.196    -0.289 | 0.0894
  -7  3  -1  0.0198  0.0068     0.341           +0.833     +0.341    -0.289 | 0.0637
  -8  3  +1  0.0215  0.0061     0.285           -2.788     -0.285    -0.456 | 0.0686
 -11  3  +1  0.0269  0.0086     0.320           +2.768     -0.320    -0.456 | 0.0663
 -15  3  +0  0.0397  0.0288     0.726           +0.044     +0.726    -0.230 | 0.0620
 -20  3  +1  0.0341  0.0113     0.332           +3.110     -0.332    -0.456 | 0.0661
  -3  5  -1  0.0265  0.0068     0.255           +2.346     -0.255    -0.354 | 0.0755
  -4  5  +1  0.0390  0.0062     0.159           +1.953     -0.159    -0.421 | 0.0907
  -8  5  -1  0.0215  0.0094     0.439           -0.193     +0.439    -0.354 | 0.0700
 -11  5  +1  0.0269  0.0031     0.114           -1.600     -0.114    -0.421 | 0.0873
 -15  5  +0  0.0397  0.0171     0.431           +0.019     +0.431    -0.058 | 0.0897
Traceback (most recent call last):
  File "/home/jasp/ulamnd/research/explore/drift-audit-run.py", line 19, in <module>
    runpy.run_path(script, run_name="__main__")
    ~~~~~~~~~~~~~~^^^^^^^^^^^^^^^^^^^^^^^^^^^^^
  File "<frozen runpy>", line 294, in run_path
  File "<frozen runpy>", line 98, in _run_module_code
  File "<frozen runpy>", line 88, in _run_code
  File "research/explore/hecke-ratio-sharp.py", line 56, in <module>
    print(f"{D:>4} {u:>2} {chi:>+3d} {C1:7.4f} {Cu:7.4f} {Cu/C1:9.3f} {dphi:+16.3f} {signed:+10.3f} {candidate(u, chi, LAM1[u]):+9.3f} | {nz:.4f}")
                                                                                                                       ~~~~^^^
KeyError: 6
