   D  u chi  amp(1)  amp(u) ratio_obs phase-(-t log u) signed_obs candidate | noise
  -3  2  -1  0.0266  0.0020     0.077           -2.856     -0.077    -0.062 | 0.0175
  -4  2  +0  0.0389  0.0332     0.854           +0.020     +0.854    +0.867 | 0.0361
  -7  2  +1  0.0199  0.0073     0.366           +3.132     -0.366    -0.395 | 0.0193
  -8  2  +0  0.0214  0.0188     0.880           -0.154     +0.880    +0.867 | 0.0381
 -11  2  -1  0.0267  0.0018     0.066           +2.903     -0.066    -0.062 | 0.0201
 -15  2  +1  0.0396  0.0151     0.382           +3.012     -0.382    -0.395 | 0.0206
 -19  2  -1  0.0346  0.0024     0.070           +3.039     -0.070    -0.062 | 0.0167
 -20  2  +0  0.0342  0.0305     0.892           -0.086     +0.892    +0.867 | 0.0473
 -23  2  +1  0.0216  0.0092     0.428           +2.849     -0.428    -0.395 | 0.0209
 -27  2  -1  0.0058  0.0006     0.108           -2.181     -0.108    -0.062 | 0.0212
 -31  2  +1  0.0053  0.0017     0.316           -2.979     -0.316    -0.395 | 0.0193
  -3  3  +0  0.0266  0.0164     0.618           +0.276     +0.618    -0.230 | 0.0716
  -4  3  -1  0.0389  0.0069     0.177           -0.088     +0.177    -0.289 | 0.0878
  -7  3  -1  0.0199  0.0066     0.333           +0.892     +0.333    -0.289 | 0.0635
  -8  3  +1  0.0214  0.0067     0.315           -3.092     -0.315    -0.456 | 0.0636
 -11  3  +1  0.0267  0.0094     0.353           +2.779     -0.353    -0.456 | 0.0656
 -15  3  +0  0.0396  0.0280     0.707           +0.007     +0.707    -0.230 | 0.0578
 -20  3  +1  0.0342  0.0121     0.354           +3.026     -0.354    -0.456 | 0.0634
  -3  5  -1  0.0266  0.0068     0.254           +1.758     -0.254    -0.354 | 0.0668
  -4  5  +1  0.0389  0.0026     0.066           +3.009     -0.066    -0.421 | 0.0754
  -8  5  -1  0.0214  0.0080     0.371           -0.198     +0.371    -0.354 | 0.0681
 -11  5  +1  0.0267  0.0031     0.115           -1.628     -0.115    -0.421 | 0.0871
 -15  5  +0  0.0396  0.0177     0.445           -0.214     +0.445    -0.058 | 0.0731
Traceback (most recent call last):
  File "/home/jasp/ulamnd/research/explore/drift-audit-run.py", line 19, in <module>
    runpy.run_path(script, run_name="__main__")
    ~~~~~~~~~~~~~~^^^^^^^^^^^^^^^^^^^^^^^^^^^^^
  File "<frozen runpy>", line 294, in run_path
  File "<frozen runpy>", line 98, in _run_module_code
  File "<frozen runpy>", line 88, in _run_code
  File "research/explore/hecke-ratio-sharp.py", line 56, in <module>
    print(f"{D:>4} {u:>2} {chi:>+3d} {C1:7.4f} {Cu:7.4f} {Cu/C1:9.3f} {dphi:+16.3f} {signed:+10.3f} {candidate(u, chi, LAM1[u]):+9.3f} | {nz:.4f}")
                                                                                                                       ~~~~^^^
KeyError: 6
