D=-3 f=t^2+1t+1 H=10000000: sieve done, 6655327 large prime cofactors (4 s)
E = 1.13190072028555, P(1) = 0.590050832407 (4 s)
pieces done (7 s); wrote research/explore/data/pieces-allu-D3-H1e7.dat
bin [2^k, 2^(k+1)):  #u   Y range            rms_u(P/√Y)  median rms16   mean_u(P/√Y)
k= 0        1  1.00e+7-1.00e+7      0.0218        0.0303        0.0218
k= 1        1  3.33e+6-3.33e+6      0.0973        0.0969       -0.0973
k= 2        1  1.43e+6-1.43e+6      0.0277        0.0623       -0.0277
k= 3        1  7.69e+5-7.69e+5      0.1027        0.0850       -0.1027
k= 4        3  3.23e+5-5.26e+5      0.1190        0.1216        0.1127
k= 5        5  1.64e+5-2.70e+5      0.0873        0.1056       -0.0477
k= 6       10  7.87e+4-1.49e+5      0.0865        0.0962        0.0052
k= 7       19  4.05e+4-7.75e+4      0.1486        0.1268        0.0113
k= 8       37  1.96e+4-3.86e+4      0.1227        0.0924        0.0442
k= 9       68  9.79e+3-1.91e+4      0.1287        0.0966        0.0199
k=10      136  4.90e+3-9.74e+3      0.1331        0.1013        0.0119
k=11      261  2.44e+3-4.87e+3      0.1394        0.1073        0.0043
k=12      499  1.22e+3-2.44e+3      0.1365        0.0954       -0.0013
k=13      976  6.10e+2-1.22e+3      0.1357        0.1017       -0.0033
k=14     1894  3.05e+2-6.10e+2      0.1347        0.1014       -0.0014
k=15     3678  1.53e+2-3.05e+2      0.1341        0.1033       -0.0081
k=16     7147  7.63e+1-1.53e+2      0.1345        0.1046       -0.0077
k=17    13920  3.81e+1-7.63e+1      0.1438        0.1009       -0.0134
k=18    27193  1.91e+1-3.81e+1      0.1329        0.0976       -0.0197
k=19    53106  9.54e+0-1.91e+1      0.1238        0.1075       -0.0315
k=20   103796  4.77e+0-9.54e+0      0.1210        0.1153       -0.0394
k=21   203156  2.38e+0-4.77e+0      0.1640        0.1501       -0.0640
k=22   397907  1.19e+0-2.38e+0      0.1027        0.0548       -0.0577
k=23   151147  1.00e+0-1.19e+0      0.0597        0.0402       -0.0552
cumulative u-sums (P(1) included):
  H^1/12     U=3.831e+0  #u=2  Σ w·P = -2.7372e+2  Σ|w·P| = 3.5510e+2  sqrt(Σ(w·P)²) = 3.1703e+2  (H log H = 1.612e+8, H = 1.000e+7)
  H^2/12     U=1.468e+1  #u=4  Σ w·P = -5.1847e+2  Σ|w·P| = 5.9986e+2  sqrt(Σ(w·P)²) = 3.6388e+2  (H log H = 1.612e+8, H = 1.000e+7)
  H^3/12     U=5.623e+1  #u=10  Σ w·P = 5.5073e+0  Σ|w·P| = 2.1282e+3  sqrt(Σ(w·P)²) = 1.0279e+3  (H log H = 1.612e+8, H = 1.000e+7)
  H^4/12     U=2.154e+2  #u=34  Σ w·P = -5.6294e+2  Σ|w·P| = 3.5145e+3  sqrt(Σ(w·P)²) = 1.0956e+3  (H log H = 1.612e+8, H = 1.000e+7)
  H^5/12     U=8.254e+2  #u=122  Σ w·P = 1.0907e+3  Σ|w·P| = 7.2778e+3  sqrt(Σ(w·P)²) = 1.2464e+3  (H log H = 1.612e+8, H = 1.000e+7)
  H^6/12     U=3.162e+3  #u=423  Σ w·P = 1.0386e+3  Σ|w·P| = 1.4078e+4  sqrt(Σ(w·P)²) = 1.4007e+3  (H log H = 1.612e+8, H = 1.000e+7)
  H^7/12     U=1.212e+4  #u=1513  Σ w·P = 5.5138e+2  Σ|w·P| = 2.8100e+4  sqrt(Σ(w·P)²) = 1.5705e+3  (H log H = 1.612e+8, H = 1.000e+7)
  H^8/12     U=4.642e+4  #u=5452  Σ w·P = -9.4059e+2  Σ|w·P| = 5.5781e+4  sqrt(Σ(w·P)²) = 1.7685e+3  (H log H = 1.612e+8, H = 1.000e+7)
  H^(2/3)    U=4.642e+4  #u=5452  Σ w·P = -9.4059e+2  Σ|w·P| = 5.5781e+4  sqrt(Σ(w·P)²) = 1.7685e+3  (H log H = 1.612e+8, H = 1.000e+7)
  H^9/12     U=1.778e+5  #u=19734  Σ w·P = -5.8206e+3  Σ|w·P| = 1.1086e+5  sqrt(Σ(w·P)²) = 1.9582e+3  (H log H = 1.612e+8, H = 1.000e+7)
  H^10/12    U=6.813e+5  #u=71878  Σ w·P = -2.7780e+4  Σ|w·P| = 2.1650e+5  sqrt(Σ(w·P)²) = 2.1387e+3  (H log H = 1.612e+8, H = 1.000e+7)
  H^11/12    U=2.610e+6  #u=262864  Σ w·P = -1.0469e+5  Σ|w·P| = 4.2131e+5  sqrt(Σ(w·P)²) = 2.3023e+3  (H log H = 1.612e+8, H = 1.000e+7)
  H^12/12    U=1.000e+7  #u=964962  Σ w·P = -3.0291e+5  Σ|w·P| = 7.5206e+5  sqrt(Σ(w·P)²) = 2.4052e+3  (H log H = 1.612e+8, H = 1.000e+7)
  all u      U=1.000e+7  #u=964962  Σ w·P = -3.0291e+5  Σ|w·P| = 7.5206e+5  sqrt(Σ(w·P)²) = 2.4052e+3  (H log H = 1.612e+8, H = 1.000e+7)
