pool: 3638 quadratics
validation (closed form vs definition, both truncated at p ≤ 20000, h ≤ 3000): max |ratio − 1| = 1.33e-14, 9.55e-15, 4.44e-15, 2.00e-15  vanishing h: 1500, 0, 1500, 2500
C exact vs truncated(2e5): 1.37281/1.37249  6.63955/6.64092  0.84074/0.84090  0.81661/0.81654
t^2+t+41       C=6.6395 Σ(1e3..1e6)=-17.50 -33.44 -36.01 -41.55 slope/C=-0.524 per-decade/C=-1.04,-0.17,-0.36 (1.3s)
t^2+1          C=1.3728 Σ(1e3..1e6)=-4.53 -5.83 -6.07 -8.15 slope/C=-0.381 per-decade/C=-0.41,-0.08,-0.66 (1.3s)
t^2+t+17       C=4.1747 Σ(1e3..1e6)=-16.17 -17.55 -23.50 -28.66 slope/C=-0.433 per-decade/C=-0.14,-0.62,-0.54 (1.3s)
t^2-2          C=1.8501 Σ(1e3..1e6)=-6.25 -8.65 -12.25 -11.56 slope/C=-0.415 per-decade/C=-0.56,-0.85,0.16 (1.3s)
t^2+t+11       C=3.2594 Σ(1e3..1e6)=-14.73 -13.16 -21.03 -20.31 slope/C=-0.248 per-decade/C=0.21,-1.05,0.10 (1.3s)
2t^2+1         C=1.4261 Σ(1e3..1e6)=-5.84 -6.94 -8.89 -11.25 slope/C=-0.549 per-decade/C=-0.33,-0.60,-0.72 (1.5s)
7t^2-4t+39     C=0.3903 Σ(1e3..1e6)=-1.50 -1.77 -2.26 -2.75 slope/C=-0.462 per-decade/C=-0.30,-0.54,-0.55 (2.3s)
7t^2-6t+35     C=0.4504 Σ(1e3..1e6)=-2.50 -2.89 -3.41 -4.12 slope/C=-0.522 per-decade/C=-0.37,-0.50,-0.69 (2.3s)
7t^2-4t-18     C=0.5239 Σ(1e3..1e6)=-2.75 -3.08 -3.62 -4.45 slope/C=-0.471 per-decade/C=-0.28,-0.45,-0.69 (2.3s)
5t^2-6t-17     C=0.6068 Σ(1e3..1e6)=-3.31 -3.41 -4.57 -5.12 slope/C=-0.432 per-decade/C=-0.07,-0.83,-0.39 (1.9s)
7t^2-34        C=0.6988 Σ(1e3..1e6)=-3.77 -4.47 -5.48 -5.84 slope/C=-0.428 per-decade/C=-0.43,-0.63,-0.23 (2.3s)
3t^2-4t+38     C=0.8103 Σ(1e3..1e6)=-3.38 -3.70 -5.02 -6.32 slope/C=-0.524 per-decade/C=-0.17,-0.71,-0.69 (1.6s)
2t^2-4t+33     C=0.9402 Σ(1e3..1e6)=-4.43 -4.84 -6.22 -5.67 slope/C=-0.190 per-decade/C=-0.19,-0.64,0.26 (1.5s)
5t^2+6         C=1.0870 Σ(1e3..1e6)=-4.73 -6.01 -6.71 -8.71 slope/C=-0.531 per-decade/C=-0.51,-0.28,-0.80 (2.0s)
t^2-6t+24      C=1.2670 Σ(1e3..1e6)=-4.79 -6.10 -8.22 -9.94 slope/C=-0.588 per-decade/C=-0.45,-0.72,-0.59 (1.3s)
2t^2-5t+16     C=1.4627 Σ(1e3..1e6)=-4.47 -5.67 -9.03 -11.39 slope/C=-0.685 per-decade/C=-0.35,-1.00,-0.70 (1.4s)
7t^2-t+7       C=1.7064 Σ(1e3..1e6)=-7.75 -8.81 -11.09 -11.69 slope/C=-0.334 per-decade/C=-0.27,-0.58,-0.15 (2.3s)
t^2-6t+16      C=1.9730 Σ(1e3..1e6)=-7.04 -9.04 -12.18 -13.83 slope/C=-0.498 per-decade/C=-0.44,-0.69,-0.36 (1.3s)
3t^2-5t-9      C=2.2981 Σ(1e3..1e6)=-11.19 -11.05 -14.96 -14.04 slope/C=-0.180 per-decade/C=0.03,-0.74,0.17 (1.6s)
5t^2+26        C=2.6423 Σ(1e3..1e6)=-7.57 -10.37 -13.65 -14.65 slope/C=-0.388 per-decade/C=-0.46,-0.54,-0.16 (2.0s)
3t^2-3t+31     C=3.0565 Σ(1e3..1e6)=-15.10 -16.06 -19.32 -19.84 slope/C=-0.225 per-decade/C=-0.14,-0.46,-0.07 (1.8s)
t^2-5t-25      C=3.5466 Σ(1e3..1e6)=-12.67 -17.06 -20.83 -23.69 slope/C=-0.450 per-decade/C=-0.54,-0.46,-0.35 (1.3s)
t^2-5t+23      C=4.1747 Σ(1e3..1e6)=-16.17 -17.55 -23.50 -28.66 slope/C=-0.433 per-decade/C=-0.14,-0.62,-0.54 (1.3s)
7t^2-3t+37     C=4.7161 Σ(1e3..1e6)=-18.36 -22.50 -28.06 -29.40 slope/C=-0.339 per-decade/C=-0.38,-0.51,-0.12 (2.2s)
3t^2-3t+23     C=5.6369 Σ(1e3..1e6)=-18.32 -29.31 -32.19 -34.68 slope/C=-0.420 per-decade/C=-0.85,-0.22,-0.19 (1.7s)

fit slope = −k C^α over 25 quadratics, C ∈ [0.39, 6.64]:
  α = 1.172 ± 0.110   k = 0.327 ± 0.056   (α=1: 1.6 se;  α=2: -7.5 se)
  [log-fit for comparison: α = 0.912 ± 0.085, k = 0.425]
  corr(slope/C, C) = 0.15   corr(slope/C², C) = 0.72
  slope/C = -0.426 ± 0.121   slope/C² = -0.364 ± 0.330
  per-decade slope/C: -0.344±0.254  -0.579±0.229  -0.355±0.311
