pool: 3638 quadratics
validation (closed form vs definition, both truncated at p ≤ 20000, h ≤ 3000): max |ratio − 1| = 1.33e-14, 9.55e-15, 4.44e-15, 2.00e-15  vanishing h: 1500, 0, 1500, 2500
C exact vs truncated(2e5): 1.37281/1.37249  6.63955/6.64092  0.84074/0.84090  0.81661/0.81654
t^2+t+41       C=6.6395 Σ(1e3..1e6)=-17.43 -32.73 -28.94 29.08 slope/C=1.014 per-decade/C=-1.00,0.25,3.80 (0.3s)
t^2+1          C=1.3728 Σ(1e3..1e6)=-4.53 -5.80 -5.77 -5.15 slope/C=-0.066 per-decade/C=-0.40,0.01,0.20 (0.4s)
t^2+t+17       C=4.1747 Σ(1e3..1e6)=-16.14 -17.27 -20.74 -1.09 slope/C=0.522 per-decade/C=-0.12,-0.36,2.04 (0.4s)
t^2-2          C=1.8501 Σ(1e3..1e6)=-6.24 -8.59 -11.71 -6.12 slope/C=0.009 per-decade/C=-0.55,-0.73,1.31 (0.4s)
t^2+t+11       C=3.2594 Σ(1e3..1e6)=-14.71 -12.99 -19.33 -3.30 slope/C=0.507 per-decade/C=0.23,-0.85,2.14 (0.4s)
2t^2+1         C=1.4261 Σ(1e3..1e6)=-5.83 -6.90 -8.57 -8.02 slope/C=-0.221 per-decade/C=-0.33,-0.51,0.17 (0.6s)
7t^2-4t+39     C=0.3903 Σ(1e3..1e6)=-1.50 -1.77 -2.23 -2.51 slope/C=-0.373 per-decade/C=-0.30,-0.51,-0.31 (1.4s)
7t^2-6t+35     C=0.4504 Σ(1e3..1e6)=-2.50 -2.88 -3.38 -3.80 slope/C=-0.419 per-decade/C=-0.37,-0.47,-0.41 (1.3s)
7t^2-4t-18     C=0.5239 Σ(1e3..1e6)=-2.75 -3.08 -3.58 -4.02 slope/C=-0.351 per-decade/C=-0.27,-0.41,-0.36 (1.3s)
5t^2-6t-17     C=0.6068 Σ(1e3..1e6)=-3.31 -3.40 -4.51 -4.53 slope/C=-0.292 per-decade/C=-0.07,-0.79,-0.02 (1.1s)
7t^2-34        C=0.6988 Σ(1e3..1e6)=-3.77 -4.46 -5.40 -5.06 slope/C=-0.268 per-decade/C=-0.43,-0.58,0.21 (1.4s)
3t^2-4t+38     C=0.8103 Σ(1e3..1e6)=-3.38 -3.69 -4.92 -5.28 slope/C=-0.338 per-decade/C=-0.16,-0.66,-0.19 (0.7s)
2t^2-4t+33     C=0.9402 Σ(1e3..1e6)=-4.43 -4.82 -6.08 -4.26 slope/C=0.026 per-decade/C=-0.18,-0.58,0.84 (0.5s)
5t^2+6         C=1.0870 Σ(1e3..1e6)=-4.72 -5.99 -6.52 -6.84 slope/C=-0.282 per-decade/C=-0.51,-0.21,-0.13 (1.0s)
t^2-6t+24      C=1.2670 Σ(1e3..1e6)=-4.78 -6.08 -7.96 -7.39 slope/C=-0.297 per-decade/C=-0.44,-0.65,0.20 (0.4s)
2t^2-5t+16     C=1.4627 Σ(1e3..1e6)=-4.47 -5.63 -8.69 -7.99 slope/C=-0.348 per-decade/C=-0.35,-0.91,0.21 (0.5s)
7t^2-t+7       C=1.7064 Σ(1e3..1e6)=-7.75 -8.77 -10.63 -7.08 slope/C=0.056 per-decade/C=-0.26,-0.48,0.90 (1.4s)
t^2-6t+16      C=1.9730 Σ(1e3..1e6)=-7.03 -8.98 -11.56 -7.63 slope/C=-0.044 per-decade/C=-0.43,-0.57,0.86 (0.4s)
3t^2-5t-9      C=2.2981 Σ(1e3..1e6)=-11.18 -10.97 -14.12 -5.64 slope/C=0.349 per-decade/C=0.04,-0.60,1.60 (0.7s)
5t^2+26        C=2.6423 Σ(1e3..1e6)=-7.55 -10.26 -12.54 -3.55 slope/C=0.220 per-decade/C=-0.44,-0.38,1.48 (1.0s)
3t^2-3t+31     C=3.0565 Σ(1e3..1e6)=-15.08 -15.92 -17.84 -4.99 slope/C=0.478 per-decade/C=-0.12,-0.27,1.83 (0.7s)
t^2-5t-25      C=3.5466 Σ(1e3..1e6)=-12.65 -16.86 -18.83 -3.68 slope/C=0.366 per-decade/C=-0.51,-0.24,1.85 (0.3s)
t^2-5t+23      C=4.1747 Σ(1e3..1e6)=-16.14 -17.27 -20.74 -1.09 slope/C=0.522 per-decade/C=-0.12,-0.36,2.04 (0.3s)
7t^2-3t+37     C=4.7161 Σ(1e3..1e6)=-18.32 -22.14 -24.54 5.86 slope/C=0.742 per-decade/C=-0.35,-0.22,2.80 (1.3s)
3t^2-3t+23     C=5.6369 Σ(1e3..1e6)=-18.27 -28.80 -27.10 16.14 slope/C=0.884 per-decade/C=-0.81,0.13,3.33 (0.7s)

fit slope = −k C^α over 25 quadratics, C ∈ [0.39, 6.64]:
  α = 2.435 ± 0.150   k = -0.070 ± 0.018   (α=1: 9.6 se;  α=2: 2.9 se)
  [log-fit for comparison: α = NaN ± NaN, k = NaN]
  corr(slope/C, C) = 0.96   corr(slope/C², C) = 0.72
  slope/C = 0.096 ± 0.425   slope/C² = -0.135 ± 0.330
  per-decade slope/C: -0.330±0.250  -0.438±0.280  1.055±1.176
